// Jest Snapshot v1, https://goo.gl/fbAQLP

exports[`MainPagesGrid component should match a snapshot 1`] = `
<div>
  <div
    class="grid grid-cols-3 md:ml-14 md:grid-cols-3 lg:grid-cols-6 lg:text-center "
  >
    <div
      class=" py-2 px-1 "
    >
      <a
        href="/default section/1"
      >
        <img
          alt="card-picture"
          class=" rounded-md cursor-pointer h-[190px] lg:hover:scale-110  lg:duration-700 lg:ease-in-out lg:h-[265px]"
          data-nimg="1"
          decoding="async"
          fetchpriority="high"
          height="300"
          src="/_next/image?url=https%3A%2F%2Fexample.com%2Fanime-image.jpg&w=640&q=100"
          srcset="/_next/image?url=https%3A%2F%2Fexample.com%2Fanime-image.jpg&w=384&q=100 1x, /_next/image?url=https%3A%2F%2Fexample.com%2Fanime-image.jpg&w=640&q=100 2x"
          style="color: transparent; width: 165px; object-fit: cover;"
          width="300"
        />
      </a>
      <h2
        class="py-4  text-xs md:text-sm   font-bold"
      >
        Akame ga kill
      </h2>
    </div>
    <div
      class=" py-2 px-1 "
    >
      <a
        href="/default section/2"
      >
        <img
          alt="card-picture"
          class=" rounded-md cursor-pointer h-[190px] lg:hover:scale-110  lg:duration-700 lg:ease-in-out lg:h-[265px]"
          data-nimg="1"
          decoding="async"
          fetchpriority="high"
          height="300"
          src="/_next/image?url=https%3A%2F%2Fexample.com%2Fcharacter-image.jpg&w=640&q=100"
          srcset="/_next/image?url=https%3A%2F%2Fexample.com%2Fcharacter-image.jpg&w=384&q=100 1x, /_next/image?url=https%3A%2F%2Fexample.com%2Fcharacter-image.jpg&w=640&q=100 2x"
          style="color: transparent; width: 165px; object-fit: cover;"
          width="300"
        />
      </a>
      <h2
        class="py-4  text-xs md:text-sm   font-bold"
      >
        Akame
      </h2>
    </div>
  </div>
</div>
`;
