// Jest Snapshot v1, https://goo.gl/fbAQLP

exports[`MainCard component should match a snapshot 1`] = `
<div>
  <div
    class=" py-2 px-1 "
  >
    <a
      href="/characters/1"
    >
      <img
        alt="card-picture"
        class=" rounded-md cursor-pointer h-[190px] lg:hover:scale-110  lg:duration-700 lg:ease-in-out lg:h-[265px]"
        data-nimg="1"
        decoding="async"
        fetchpriority="high"
        height="300"
        src="/_next/image?url=https%3A%2F%2Fexample.com%2Fimage.jpg&w=640&q=100"
        srcset="/_next/image?url=https%3A%2F%2Fexample.com%2Fimage.jpg&w=384&q=100 1x, /_next/image?url=https%3A%2F%2Fexample.com%2Fimage.jpg&w=640&q=100 2x"
        style="color: transparent; width: 165px; object-fit: cover;"
        width="300"
      />
    </a>
    <h2
      class="py-4  text-xs md:text-sm   font-bold"
    >
      Naruto
    </h2>
  </div>
</div>
`;
