// Jest Snapshot v1, https://goo.gl/fbAQLP

exports[`MainCard component should match a snapshot 1`] = `
<div>
  <div
    class=" py-2 px-1 lg:mx-4"
  >
    <a
      href="/characters/1"
    >
      <img
        alt="card-picture"
        class=" rounded-md cursor-pointer lg:hover:scale-110 h-[190px] lg:duration-700 lg:ease-in-out md:h-[265px]"
        data-nimg="1"
        decoding="async"
        fetchpriority="high"
        height="0"
        src="/_next/image?url=https%3A%2F%2Fexample.com%2Fimage.jpg&w=640&q=75"
        srcset="/_next/image?url=https%3A%2F%2Fexample.com%2Fimage.jpg&w=256&q=75 1x, /_next/image?url=https%3A%2F%2Fexample.com%2Fimage.jpg&w=640&q=75 2x"
        style="color: transparent;"
        width="200"
      />
    </a>
    <h2
      class="py-4  text-xs md:text-sm  font-bold"
    >
      Naruto
    </h2>
  </div>
</div>
`;
